// Jest Snapshot v1, https://goo.gl/fbAQLP

exports[`Button Match snapshot 1`] = `
<button
  class="Button"
  data-testid="button"
  id="button"
/>
`;
