// Jest Snapshot v1, https://goo.gl/fbAQLP

exports[`ProgressBar Match snapshot 1`] = `
<div
  aria-valuemax="5"
  aria-valuemin="0"
  aria-valuenow="2"
  class="jkl-progress-bar undefined"
  data-testid="jkl-progress-bar"
  role="progressbar"
>
  <span
    class="jkl-progress-bar__tracker"
    data-testid="jkl-progress-bar__tracker"
    style="width: 40%;"
  />
</div>
`;
