// Jest Snapshot v1, https://goo.gl/fbAQLP

exports[`SearchSelect Renders markup correctly 1`] = `
<div
  class="Input-Wrapper"
>
  <div
    class="Input-Label"
    data-testid="label-select"
  >
    label
  </div>
  <div
    class="Search-Select css-2b097c-container"
  >
    <div
      class="react-select__control css-yk16xz-control"
    >
      <div
        class="react-select__value-container react-select__value-container--has-value css-g1d714-ValueContainer"
      >
        <div
          class="react-select__single-value css-1uccc91-singleValue"
        >
          Pre Roll
        </div>
        <div
          class="css-b8ldur-Input"
        >
          <div
            class="react-select__input"
            style="display: inline-block;"
          >
            <input
              aria-autocomplete="list"
              autocapitalize="none"
              autocomplete="off"
              autocorrect="off"
              id="react-select-2-input"
              spellcheck="false"
              style="box-sizing: content-box; width: 2px; border: 0px; font-size: inherit; opacity: 1; outline: 0; padding: 0px;"
              tabindex="0"
              type="text"
              value=""
            />
            <div
              style="position: absolute; top: 0px; left: 0px; visibility: hidden; height: 0px; overflow: scroll; white-space: pre; font-size: inherit; font-family: -webkit-small-control; letter-spacing: normal; text-transform: none;"
            />
          </div>
        </div>
      </div>
      <div
        class="react-select__indicators css-1hb7zxy-IndicatorsContainer"
      >
        <span
          class="react-select__indicator-separator css-1okebmr-indicatorSeparator"
        />
        <div
          aria-hidden="true"
          class="react-select__indicator react-select__dropdown-indicator css-tlfecz-indicatorContainer"
        >
          <svg
            aria-hidden="true"
            class="css-6q0nyr-Svg"
            focusable="false"
            height="20"
            viewBox="0 0 20 20"
            width="20"
          >
            <path
              d="M4.516 7.548c0.436-0.446 1.043-0.481 1.576 0l3.908 3.747 3.908-3.747c0.533-0.481 1.141-0.446 1.574 0 0.436 0.445 0.408 1.197 0 1.615-0.406 0.418-4.695 4.502-4.695 4.502-0.217 0.223-0.502 0.335-0.787 0.335s-0.57-0.112-0.789-0.335c0 0-4.287-4.084-4.695-4.502s-0.436-1.17 0-1.615z"
            />
          </svg>
        </div>
      </div>
    </div>
  </div>
</div>
`;
